I'm sorry, but errors were detected in your script. Please correct the
errors listed below, and try again.


File "game/characters.rpy", line 38: Line is indented, but the preceding attribute statement does not expect a block. Please check this line's indentation.
    "EirTired"
    ^

Ren'Py Version: Ren'Py 7.2.2.491
Mon May 27 13:31:28 2019
